
> shree-sai-creation@0.1.0 build
> next build --turbopack

   ▲ Next.js 15.5.20 (Turbopack)

   Creating an optimized production build ...
 ✓ Finished writing to disk in 8ms
 ✓ Compiled successfully in 4.8s
   Linting and checking validity of types ...

Failed to compile.

./src/app/about/page.tsx
6:18  Warning: 'Sparkles' is defined but never used.  @typescript-eslint/no-unused-vars
54:13  Warning: Using `<img>` could result in slower LCP and higher bandwidth. Consider using `<Image />` from `next/image` or a custom image loader to automatically optimize images. This may incur additional usage or cost from your provider. See: https://nextjs.org/docs/messages/no-img-element  @next/next/no-img-element
79:13  Warning: Using `<img>` could result in slower LCP and higher bandwidth. Consider using `<Image />` from `next/image` or a custom image loader to automatically optimize images. This may incur additional usage or cost from your provider. See: https://nextjs.org/docs/messages/no-img-element  @next/next/no-img-element

./src/app/account/page.tsx
20:8  Warning: 'Link' is defined but never used.  @typescript-eslint/no-unused-vars
23:7  Warning: 'MOCK_ORDERS' is assigned a value but never used.  @typescript-eslint/no-unused-vars
56:40  Error: Unexpected any. Specify a different type.  @typescript-eslint/no-explicit-any
61:56  Error: Unexpected any. Specify a different type.  @typescript-eslint/no-explicit-any
128:27  Error: Unexpected any. Specify a different type.  @typescript-eslint/no-explicit-any
176:35  Error: Unexpected any. Specify a different type.  @typescript-eslint/no-explicit-any

./src/app/admin/page.tsx
4:8  Warning: 'Link' is defined but never used.  @typescript-eslint/no-unused-vars
19:3  Warning: 'FolderOpen' is defined but never used.  @typescript-eslint/no-unused-vars
71:10  Warning: 'isOrdersLoading' is assigned a value but never used.  @typescript-eslint/no-unused-vars
108:48  Error: Unexpected any. Specify a different type.  @typescript-eslint/no-explicit-any
130:43  Error: Unexpected any. Specify a different type.  @typescript-eslint/no-explicit-any
616:31  Warning: Using `<img>` could result in slower LCP and higher bandwidth. Consider using `<Image />` from `next/image` or a custom image loader to automatically optimize images. This may incur additional usage or cost from your provider. See: https://nextjs.org/docs/messages/no-img-element  @next/next/no-img-element

./src/app/cart/page.tsx
74:27  Warning: Using `<img>` could result in slower LCP and higher bandwidth. Consider using `<Image />` from `next/image` or a custom image loader to automatically optimize images. This may incur additional usage or cost from your provider. See: https://nextjs.org/docs/messages/no-img-element  @next/next/no-img-element

./src/app/checkout/page.tsx
6:22  Warning: 'Landmark' is defined but never used.  @typescript-eslint/no-unused-vars
6:45  Warning: 'ArrowRight' is defined but never used.  @typescript-eslint/no-unused-vars
8:10  Warning: 'addOrder' is defined but never used.  @typescript-eslint/no-unused-vars
417:25  Warning: Using `<img>` could result in slower LCP and higher bandwidth. Consider using `<Image />` from `next/image` or a custom image loader to automatically optimize images. This may incur additional usage or cost from your provider. See: https://nextjs.org/docs/messages/no-img-element  @next/next/no-img-element

./src/app/collections/page.tsx
54:21  Warning: Using `<img>` could result in slower LCP and higher bandwidth. Consider using `<Image />` from `next/image` or a custom image loader to automatically optimize images. This may incur additional usage or cost from your provider. See: https://nextjs.org/docs/messages/no-img-element  @next/next/no-img-element

./src/app/page.tsx
14:3  Warning: 'Heart' is defined but never used.  @typescript-eslint/no-unused-vars
15:3  Warning: 'Eye' is defined but never used.  @typescript-eslint/no-unused-vars
16:3  Warning: 'Scale' is defined but never used.  @typescript-eslint/no-unused-vars
21:10  Warning: 'PRODUCTS' is defined but never used.  @typescript-eslint/no-unused-vars
328:19  Warning: Using `<img>` could result in slower LCP and higher bandwidth. Consider using `<Image />` from `next/image` or a custom image loader to automatically optimize images. This may incur additional usage or cost from your provider. See: https://nextjs.org/docs/messages/no-img-element  @next/next/no-img-element

./src/app/shop/[slug]/page.tsx
6:10  Warning: 'PRODUCTS' is defined but never used.  @typescript-eslint/no-unused-vars
10:10  Warning: 'ScrollReveal' is defined but never used.  @typescript-eslint/no-unused-vars
174:15  Warning: Using `<img>` could result in slower LCP and higher bandwidth. Consider using `<Image />` from `next/image` or a custom image loader to automatically optimize images. This may incur additional usage or cost from your provider. See: https://nextjs.org/docs/messages/no-img-element  @next/next/no-img-element
202:21  Warning: Using `<img>` could result in slower LCP and higher bandwidth. Consider using `<Image />` from `next/image` or a custom image loader to automatically optimize images. This may incur additional usage or cost from your provider. See: https://nextjs.org/docs/messages/no-img-element  @next/next/no-img-element

./src/app/shop/page.tsx
6:10  Warning: 'PRODUCTS' is defined but never used.  @typescript-eslint/no-unused-vars
8:29  Warning: 'Grid' is defined but never used.  @typescript-eslint/no-unused-vars
8:35  Warning: 'List' is defined but never used.  @typescript-eslint/no-unused-vars
19:10  Warning: 'isProductsLoading' is assigned a value but never used.  @typescript-eslint/no-unused-vars
53:22  Warning: 'setLayoutMode' is assigned a value but never used.  @typescript-eslint/no-unused-vars
294:27  Warning: Using `<img>` could result in slower LCP and higher bandwidth. Consider using `<Image />` from `next/image` or a custom image loader to automatically optimize images. This may incur additional usage or cost from your provider. See: https://nextjs.org/docs/messages/no-img-element  @next/next/no-img-element

./src/app/signin/page.tsx
207:9  Warning: Using `<img>` could result in slower LCP and higher bandwidth. Consider using `<Image />` from `next/image` or a custom image loader to automatically optimize images. This may incur additional usage or cost from your provider. See: https://nextjs.org/docs/messages/no-img-element  @next/next/no-img-element

./src/app/signup/page.tsx
234:9  Warning: Using `<img>` could result in slower LCP and higher bandwidth. Consider using `<Image />` from `next/image` or a custom image loader to automatically optimize images. This may incur additional usage or cost from your provider. See: https://nextjs.org/docs/messages/no-img-element  @next/next/no-img-element

./src/app/wishlist/page.tsx
39:23  Warning: Using `<img>` could result in slower LCP and higher bandwidth. Consider using `<Image />` from `next/image` or a custom image loader to automatically optimize images. This may incur additional usage or cost from your provider. See: https://nextjs.org/docs/messages/no-img-element  @next/next/no-img-element

./src/components/common/Header.tsx
7:159  Warning: 'Sun' is defined but never used.  @typescript-eslint/no-unused-vars
7:164  Warning: 'Moon' is defined but never used.  @typescript-eslint/no-unused-vars
9:10  Warning: 'PRODUCTS' is defined but never used.  @typescript-eslint/no-unused-vars
312:33  Warning: Using `<img>` could result in slower LCP and higher bandwidth. Consider using `<Image />` from `next/image` or a custom image loader to automatically optimize images. This may incur additional usage or cost from your provider. See: https://nextjs.org/docs/messages/no-img-element  @next/next/no-img-element
633:27  Warning: Using `<img>` could result in slower LCP and higher bandwidth. Consider using `<Image />` from `next/image` or a custom image loader to automatically optimize images. This may incur additional usage or cost from your provider. See: https://nextjs.org/docs/messages/no-img-element  @next/next/no-img-element
683:23  Warning: Using `<img>` could result in slower LCP and higher bandwidth. Consider using `<Image />` from `next/image` or a custom image loader to automatically optimize images. This may incur additional usage or cost from your provider. See: https://nextjs.org/docs/messages/no-img-element  @next/next/no-img-element
747:25  Warning: Using `<img>` could result in slower LCP and higher bandwidth. Consider using `<Image />` from `next/image` or a custom image loader to automatically optimize images. This may incur additional usage or cost from your provider. See: https://nextjs.org/docs/messages/no-img-element  @next/next/no-img-element
787:19  Warning: Using `<img>` could result in slower LCP and higher bandwidth. Consider using `<Image />` from `next/image` or a custom image loader to automatically optimize images. This may incur additional usage or cost from your provider. See: https://nextjs.org/docs/messages/no-img-element  @next/next/no-img-element

./src/components/common/Logo.tsx
20:7  Warning: Using `<img>` could result in slower LCP and higher bandwidth. Consider using `<Image />` from `next/image` or a custom image loader to automatically optimize images. This may incur additional usage or cost from your provider. See: https://nextjs.org/docs/messages/no-img-element  @next/next/no-img-element

./src/components/shop/ProductCard.tsx
39:15  Warning: Using `<img>` could result in slower LCP and higher bandwidth. Consider using `<Image />` from `next/image` or a custom image loader to automatically optimize images. This may incur additional usage or cost from your provider. See: https://nextjs.org/docs/messages/no-img-element  @next/next/no-img-element
48:17  Warning: Using `<img>` could result in slower LCP and higher bandwidth. Consider using `<Image />` from `next/image` or a custom image loader to automatically optimize images. This may incur additional usage or cost from your provider. See: https://nextjs.org/docs/messages/no-img-element  @next/next/no-img-element
155:13  Warning: Using `<img>` could result in slower LCP and higher bandwidth. Consider using `<Image />` from `next/image` or a custom image loader to automatically optimize images. This may incur additional usage or cost from your provider. See: https://nextjs.org/docs/messages/no-img-element  @next/next/no-img-element

./src/context/CartContext.tsx
273:6  Warning: React Hook useEffect has missing dependencies: 'syncCartStateWithBackend' and 'syncWishlistWithBackend'. Either include them or remove the dependency array.  react-hooks/exhaustive-deps
328:11  Warning: 'selectedFinish' is assigned a value but never used.  @typescript-eslint/no-unused-vars

info  - Need to disable some ESLint rules? Learn more here: https://nextjs.org/docs/app/api-reference/config/eslint#disabling-rules
